CampusHub ERP Report
=====================
Context Manager Test Successful
